led_display.c:32:6:setTimer2Hz	16	static
led_display.c:38:6:setTimer0	16	static
led_display.c:42:6:timer_run	4	static
led_display.c:48:6:display12LED	16	static
led_display.c:95:6:blinkRedLED	8	static
led_display.c:108:6:blinkYellowLED	8	static
led_display.c:121:6:blinkGreenLED	8	static
led_display.c:134:6:displayRow7SEG	24	static
led_display.c:146:6:displayCol7SEG	24	static
led_display.c:158:6:trafficLight	8	static
led_display.c:216:6:checkTimer	16	static
led_display.c:232:6:displayMode	16	static
led_display.c:254:6:resetTraffic	4	static
led_display.c:260:6:setTimerRED	16	static
led_display.c:264:6:setTimerYELLOW	16	static
led_display.c:268:6:setTimerGREEN	16	static
