16:31:14 **** Incremental Build of configuration Debug for project Lab3 ****
make -j8 all 
arm-none-eabi-gcc "../Core/Src/led_display.c" -mcpu=cortex-m3 -std=gnu11 -g3 -DDEBUG -DUSE_HAL_DRIVER -DSTM32F103x6 -c -I../Core/Inc -I../Drivers/STM32F1xx_HAL_Driver/Inc -I../Drivers/STM32F1xx_HAL_Driver/Inc/Legacy -I../Drivers/CMSIS/Device/ST/STM32F1xx/Include -I../Drivers/CMSIS/Include -O0 -ffunction-sections -fdata-sections -Wall -fstack-usage -MMD -MP -MF"Core/Src/led_display.d" -MT"Core/Src/led_display.o" --specs=nano.specs -mfloat-abi=soft -mthumb -o "Core/Src/led_display.o"
arm-none-eabi-gcc -o "Lab3.elf" @"objects.list"   -mcpu=cortex-m3 -T"D:\STM32CubeIDE\LAB3\Lab3\STM32F103C6TX_FLASH.ld" --specs=nosys.specs -Wl,-Map="Lab3.map" -Wl,--gc-sections -static --specs=nano.specs -mfloat-abi=soft -mthumb -Wl,--start-group -lc -lm -Wl,--end-group
Finished building target: Lab3.elf
 
arm-none-eabi-size   Lab3.elf 
arm-none-eabi-objdump -h -S  Lab3.elf  > "Lab3.list"
arm-none-eabi-objcopy  -O ihex  Lab3.elf  "Lab3.hex"
arm-none-eabi-objcopy  -O binary  Lab3.elf  "Lab3.bin"
   text	   data	    bss	    dec	    hex	filename
  10724	     60	   1716	  12500	   30d4	Lab3.elf
Finished building: default.size.stdout
 
Finished building: Lab3.bin
Finished building: Lab3.hex
 
 
Finished building: Lab3.list
 

16:31:15 Build Finished. 0 errors, 0 warnings. (took 1s.572ms)

