10:15:39 **** Incremental Build of configuration Debug for project Exercise6_12LED ****
make -j8 all 
arm-none-eabi-gcc "../Core/Src/main.c" -mcpu=cortex-m3 -std=gnu11 -g3 -DDEBUG -DUSE_HAL_DRIVER -DSTM32F103x6 -c -I../Core/Inc -I../Drivers/STM32F1xx_HAL_Driver/Inc -I../Drivers/STM32F1xx_HAL_Driver/Inc/Legacy -I../Drivers/CMSIS/Device/ST/STM32F1xx/Include -I../Drivers/CMSIS/Include -O0 -ffunction-sections -fdata-sections -Wall -fstack-usage -MMD -MP -MF"Core/Src/main.d" -MT"Core/Src/main.o" --specs=nano.specs -mfloat-abi=soft -mthumb -o "Core/Src/main.o"
arm-none-eabi-gcc -o "Exercise6_12LED.elf" @"objects.list"   -mcpu=cortex-m3 -T"D:\STM32CubeIDE\LAB1\Exercise6_12LED\STM32F103C6TX_FLASH.ld" --specs=nosys.specs -Wl,-Map="Exercise6_12LED.map" -Wl,--gc-sections -static --specs=nano.specs -mfloat-abi=soft -mthumb -Wl,--start-group -lc -lm -Wl,--end-group
Finished building target: Exercise6_12LED.elf
 
arm-none-eabi-size   Exercise6_12LED.elf 
arm-none-eabi-objdump -h -S  Exercise6_12LED.elf  > "Exercise6_12LED.list"
arm-none-eabi-objcopy  -O ihex  Exercise6_12LED.elf  "Exercise6_12LED.hex"
arm-none-eabi-objcopy  -O binary  Exercise6_12LED.elf  "Exercise6_12LED.bin"
   text	   data	    bss	    dec	    hex	filename
   5392	     20	   1572	   6984	   1b48	Exercise6_12LED.elf
Finished building: default.size.stdout
 
Finished building: Exercise6_12LED.bin
Finished building: Exercise6_12LED.hex
 
 
Finished building: Exercise6_12LED.list
 

10:15:43 Build Finished. 0 errors, 0 warnings. (took 3s.758ms)

