23:06:51 **** Incremental Build of configuration Debug for project Example ****
make -j8 all 
arm-none-eabi-gcc "../Core/Src/main.c" -mcpu=cortex-m3 -std=gnu11 -g3 -DDEBUG -DUSE_HAL_DRIVER -DSTM32F103x6 -c -I../Core/Inc -I../Drivers/STM32F1xx_HAL_Driver/Inc -I../Drivers/STM32F1xx_HAL_Driver/Inc/Legacy -I../Drivers/CMSIS/Device/ST/STM32F1xx/Include -I../Drivers/CMSIS/Include -O0 -ffunction-sections -fdata-sections -Wall -fstack-usage -MMD -MP -MF"Core/Src/main.d" -MT"Core/Src/main.o" --specs=nano.specs -mfloat-abi=soft -mthumb -o "Core/Src/main.o"
arm-none-eabi-gcc -o "Example.elf" @"objects.list"   -mcpu=cortex-m3 -T"D:\STM32CubeIDE\LAB2\Example\STM32F103C6TX_FLASH.ld" --specs=nosys.specs -Wl,-Map="Example.map" -Wl,--gc-sections -static --specs=nano.specs -mfloat-abi=soft -mthumb -Wl,--start-group -lc -lm -Wl,--end-group
Finished building target: Example.elf
 
arm-none-eabi-size   Example.elf 
arm-none-eabi-objdump -h -S  Example.elf  > "Example.list"
arm-none-eabi-objcopy  -O ihex  Example.elf  "Example.hex"
   text	   data	    bss	    dec	    hex	filename
   6892	     24	   1640	   8556	   216c	Example.elf
arm-none-eabi-objcopy  -O binary  Example.elf  "Example.bin"
Finished building: default.size.stdout
 
Finished building: Example.hex
Finished building: Example.bin
 
 
Finished building: Example.list
 

23:06:52 Build Finished. 0 errors, 0 warnings. (took 889ms)

