11:50:22 **** Incremental Build of configuration Debug for project Exercise10 ****
make -j8 all 
arm-none-eabi-gcc "../Core/Src/main.c" -mcpu=cortex-m3 -std=gnu11 -g3 -DDEBUG -DUSE_HAL_DRIVER -DSTM32F103x6 -c -I../Core/Inc -I../Drivers/STM32F1xx_HAL_Driver/Inc -I../Drivers/STM32F1xx_HAL_Driver/Inc/Legacy -I../Drivers/CMSIS/Device/ST/STM32F1xx/Include -I../Drivers/CMSIS/Include -O0 -ffunction-sections -fdata-sections -Wall -fstack-usage -MMD -MP -MF"Core/Src/main.d" -MT"Core/Src/main.o" --specs=nano.specs -mfloat-abi=soft -mthumb -o "Core/Src/main.o"
arm-none-eabi-gcc -o "Exercise10.elf" @"objects.list"   -mcpu=cortex-m3 -T"D:\STM32CubeIDE\LAB2\Exercise10\STM32F103C6TX_FLASH.ld" --specs=nosys.specs -Wl,-Map="Exercise10.map" -Wl,--gc-sections -static --specs=nano.specs -mfloat-abi=soft -mthumb -Wl,--start-group -lc -lm -Wl,--end-group
Finished building target: Exercise10.elf
 
arm-none-eabi-size   Exercise10.elf 
arm-none-eabi-objdump -h -S  Exercise10.elf  > "Exercise10.list"
arm-none-eabi-objcopy  -O ihex  Exercise10.elf  "Exercise10.hex"
arm-none-eabi-objcopy  -O binary  Exercise10.elf  "Exercise10.bin"
   text	   data	    bss	    dec	    hex	filename
   7976	     48	   1656	   9680	   25d0	Exercise10.elf
Finished building: default.size.stdout
 
Finished building: Exercise10.hex
Finished building: Exercise10.bin
 
 
Finished building: Exercise10.list
 

11:50:23 Build Finished. 0 errors, 0 warnings. (took 879ms)

