20:36:47 **** Build of configuration Debug for project Exercise2 ****
make -j8 all 
arm-none-eabi-gcc "../Core/Src/main.c" -mcpu=cortex-m3 -std=gnu11 -g3 -DDEBUG -DUSE_HAL_DRIVER -DSTM32F103x6 -c -I../Core/Inc -I../Drivers/STM32F1xx_HAL_Driver/Inc -I../Drivers/STM32F1xx_HAL_Driver/Inc/Legacy -I../Drivers/CMSIS/Device/ST/STM32F1xx/Include -I../Drivers/CMSIS/Include -O0 -ffunction-sections -fdata-sections -Wall -fstack-usage -MMD -MP -MF"Core/Src/main.d" -MT"Core/Src/main.o" --specs=nano.specs -mfloat-abi=soft -mthumb -o "Core/Src/main.o"
arm-none-eabi-gcc -o "Exercise2.elf" @"objects.list"   -mcpu=cortex-m3 -T"D:\STM32CubeIDE\LAB2\Exercise2\STM32F103C6TX_FLASH.ld" --specs=nosys.specs -Wl,-Map="Exercise2.map" -Wl,--gc-sections -static --specs=nano.specs -mfloat-abi=soft -mthumb -Wl,--start-group -lc -lm -Wl,--end-group
Finished building target: Exercise2.elf
 
arm-none-eabi-size   Exercise2.elf 
arm-none-eabi-objdump -h -S  Exercise2.elf  > "Exercise2.list"
arm-none-eabi-objcopy  -O ihex  Exercise2.elf  "Exercise2.hex"
   text	   data	    bss	    dec	    hex	filename
   7460	     80	   1648	   9188	   23e4	Exercise2.elf
arm-none-eabi-objcopy  -O binary  Exercise2.elf  "Exercise2.bin"
Finished building: default.size.stdout
 
Finished building: Exercise2.bin
Finished building: Exercise2.hex
 
 
Finished building: Exercise2.list
 

20:36:50 Build Finished. 0 errors, 0 warnings. (took 2s.176ms)

