15:32:05 **** Build of configuration Debug for project Exercise6 ****
make -j8 all 
arm-none-eabi-gcc "../Core/Src/main.c" -mcpu=cortex-m3 -std=gnu11 -g3 -DDEBUG -DUSE_HAL_DRIVER -DSTM32F103x6 -c -I../Core/Inc -I../Drivers/STM32F1xx_HAL_Driver/Inc -I../Drivers/STM32F1xx_HAL_Driver/Inc/Legacy -I../Drivers/CMSIS/Device/ST/STM32F1xx/Include -I../Drivers/CMSIS/Include -O0 -ffunction-sections -fdata-sections -Wall -fstack-usage -MMD -MP -MF"Core/Src/main.d" -MT"Core/Src/main.o" --specs=nano.specs -mfloat-abi=soft -mthumb -o "Core/Src/main.o"
arm-none-eabi-gcc -o "Exercise6.elf" @"objects.list"   -mcpu=cortex-m3 -T"D:\STM32CubeIDE\LAB2\Exercise6\STM32F103C6TX_FLASH.ld" --specs=nosys.specs -Wl,-Map="Exercise6.map" -Wl,--gc-sections -static --specs=nano.specs -mfloat-abi=soft -mthumb -Wl,--start-group -lc -lm -Wl,--end-group
Finished building target: Exercise6.elf
 
arm-none-eabi-size   Exercise6.elf 
arm-none-eabi-objdump -h -S  Exercise6.elf  > "Exercise6.list"
arm-none-eabi-objcopy  -O ihex  Exercise6.elf  "Exercise6.hex"
arm-none-eabi-objcopy  -O binary  Exercise6.elf  "Exercise6.bin"
   text	   data	    bss	    dec	    hex	filename
   7024	     24	   1648	   8696	   21f8	Exercise6.elf
Finished building: default.size.stdout
 
Finished building: Exercise6.bin
Finished building: Exercise6.hex
 
 
Finished building: Exercise6.list
 

15:32:11 Build Finished. 0 errors, 0 warnings. (took 6s.168ms)

