15:32:37 **** Build of configuration Debug for project Exercise7_8 ****
make -j8 all 
arm-none-eabi-gcc "../Core/Src/main.c" -mcpu=cortex-m3 -std=gnu11 -g3 -DDEBUG -DUSE_HAL_DRIVER -DSTM32F103x6 -c -I../Core/Inc -I../Drivers/STM32F1xx_HAL_Driver/Inc -I../Drivers/STM32F1xx_HAL_Driver/Inc/Legacy -I../Drivers/CMSIS/Device/ST/STM32F1xx/Include -I../Drivers/CMSIS/Include -O0 -ffunction-sections -fdata-sections -Wall -fstack-usage -MMD -MP -MF"Core/Src/main.d" -MT"Core/Src/main.o" --specs=nano.specs -mfloat-abi=soft -mthumb -o "Core/Src/main.o"
arm-none-eabi-gcc -o "Exercise7_8.elf" @"objects.list"   -mcpu=cortex-m3 -T"D:\STM32CubeIDE\LAB2\Exercise7_8\STM32F103C6TX_FLASH.ld" --specs=nosys.specs -Wl,-Map="Exercise7_8.map" -Wl,--gc-sections -static --specs=nano.specs -mfloat-abi=soft -mthumb -Wl,--start-group -lc -lm -Wl,--end-group
Finished building target: Exercise7_8.elf
 
arm-none-eabi-size   Exercise7_8.elf 
arm-none-eabi-objdump -h -S  Exercise7_8.elf  > "Exercise7_8.list"
arm-none-eabi-objcopy  -O ihex  Exercise7_8.elf  "Exercise7_8.hex"
arm-none-eabi-objcopy  -O binary  Exercise7_8.elf  "Exercise7_8.bin"
   text	   data	    bss	    dec	    hex	filename
   7700	    108	   1652	   9460	   24f4	Exercise7_8.elf
Finished building: default.size.stdout
 
Finished building: Exercise7_8.bin
Finished building: Exercise7_8.hex
 
 
Finished building: Exercise7_8.list
 

15:32:40 Build Finished. 0 errors, 0 warnings. (took 3s.379ms)

