11:55:40 **** Incremental Build of configuration Debug for project Exercise5 ****
make -j8 all 
arm-none-eabi-gcc "../Core/Src/main.c" -mcpu=cortex-m3 -std=gnu11 -g3 -DDEBUG -DUSE_HAL_DRIVER -DSTM32F103x6 -c -I../Core/Inc -I../Drivers/STM32F1xx_HAL_Driver/Inc -I../Drivers/STM32F1xx_HAL_Driver/Inc/Legacy -I../Drivers/CMSIS/Device/ST/STM32F1xx/Include -I../Drivers/CMSIS/Include -O0 -ffunction-sections -fdata-sections -Wall -fstack-usage -MMD -MP -MF"Core/Src/main.d" -MT"Core/Src/main.o" --specs=nano.specs -mfloat-abi=soft -mthumb -o "Core/Src/main.o"
arm-none-eabi-gcc -o "Exercise5.elf" @"objects.list"   -mcpu=cortex-m3 -T"D:\STM32CubeIDE\LAB2\Exercise5\STM32F103C6TX_FLASH.ld" --specs=nosys.specs -Wl,-Map="Exercise5.map" -Wl,--gc-sections -static --specs=nano.specs -mfloat-abi=soft -mthumb -Wl,--start-group -lc -lm -Wl,--end-group
Finished building target: Exercise5.elf
 
arm-none-eabi-size   Exercise5.elf 
arm-none-eabi-objdump -h -S  Exercise5.elf  > "Exercise5.list"
arm-none-eabi-objcopy  -O ihex  Exercise5.elf  "Exercise5.hex"
arm-none-eabi-objcopy  -O binary  Exercise5.elf  "Exercise5.bin"
   text	   data	    bss	    dec	    hex	filename
   7812	    108	   1644	   9564	   255c	Exercise5.elf
Finished building: default.size.stdout
 
Finished building: Exercise5.hex
Finished building: Exercise5.bin
 
 
Finished building: Exercise5.list
 

11:55:41 Build Finished. 0 errors, 0 warnings. (took 888ms)

