14:56:13 **** Incremental Build of configuration Debug for project lab5 ****
make -j8 all 
arm-none-eabi-gcc "../Core/Src/main.c" -mcpu=cortex-m3 -std=gnu11 -g3 -DDEBUG -DUSE_HAL_DRIVER -DSTM32F103x6 -c -I../Core/Inc -I../Drivers/STM32F1xx_HAL_Driver/Inc -I../Drivers/STM32F1xx_HAL_Driver/Inc/Legacy -I../Drivers/CMSIS/Device/ST/STM32F1xx/Include -I../Drivers/CMSIS/Include -O0 -ffunction-sections -fdata-sections -Wall -fstack-usage -MMD -MP -MF"Core/Src/main.d" -MT"Core/Src/main.o" --specs=nano.specs -mfloat-abi=soft -mthumb -o "Core/Src/main.o"
../Core/Src/main.c: In function 'sendDataSensor':
../Core/Src/main.c:106:25: warning: pointer targets in passing argument 1 of 'sprintf' differ in signedness [-Wpointer-sign]
  106 |  uint8_t size = sprintf(str, "!ADC=%d# \r\n", lastValue);
      |                         ^~~
      |                         |
      |                         uint8_t * {aka unsigned char *}
In file included from ../Core/Src/main.c:25:
c:\st\stm32cubeide_1.7.0\stm32cubeide\plugins\com.st.stm32cube.ide.mcu.externaltools.gnu-tools-for-stm32.9-2020-q2-update.win32_2.0.0.202105311346\tools\arm-none-eabi\include\stdio.h:244:14: note: expected 'char * restrict' but argument is of type 'uint8_t *' {aka 'unsigned char *'}
  244 | int sprintf (char *__restrict, const char *__restrict, ...)
      |              ^
../Core/Src/main.c:106:17: warning: 'sprintf' writing a terminating nul past the end of the destination [-Wformat-overflow=]
  106 |  uint8_t size = sprintf(str, "!ADC=%d# \r\n", lastValue);
      |                 ^~~~~~~~~~~~~~~~~~~~~~~~~~~~~~~~~~~~~~~~
../Core/Src/main.c:106:17: note: 'sprintf' output between 11 and 21 bytes into a destination of size 10
arm-none-eabi-gcc -o "lab5.elf" @"objects.list"   -mcpu=cortex-m3 -T"D:\STM32CubeIDE\LAB5\lab5\STM32F103C6TX_FLASH.ld" --specs=nosys.specs -Wl,-Map="lab5.map" -Wl,--gc-sections -static --specs=nano.specs -mfloat-abi=soft -mthumb -Wl,--start-group -lc -lm -Wl,--end-group
Finished building target: lab5.elf
 
arm-none-eabi-size   lab5.elf 
arm-none-eabi-objdump -h -S  lab5.elf  > "lab5.list"
arm-none-eabi-objcopy  -O ihex  lab5.elf  "lab5.hex"
arm-none-eabi-objcopy  -O binary  lab5.elf  "lab5.bin"
   text	   data	    bss	    dec	    hex	filename
  15776	    124	   1844	  17744	   4550	lab5.elf
Finished building: default.size.stdout
 
Finished building: lab5.bin
Finished building: lab5.hex
 
 
Finished building: lab5.list
 
